obj:
 health: 100
 xform:
  forward:
   x: 0.000000
   y: 0.000000
   z: 1.000000
   w: 0.000000
  up:
   x: 0.000000
   y: 1.000000
   z: 0.000000
   w: 0.000000
  left:
   x: 1.000000
   y: 0.000000
   z: 0.000000
   w: 0.000000
  position:
   x: 0.000000
   y: 0.000000
   z: 0.000000
   w: 1.000000
